  Determining projects to restore...
  All projects are up-to-date for restore.
  SmartService.Domain -> d:\Ky_4\SWD\System_Smart-Service-master\Smart-Service\Service_BE\SmartService.Domain\bin\Debug\net8.0\SmartService.Domain.dll
d:\Ky_4\SWD\System_Smart-Service-master\Smart-Service\Service_BE\SmartService.Application\Abstractions\Payments\IPayOSService.cs(9,31): error CS0246: The type or namespace name 'Netum' could not be found (are you missing a using directive or an assembly reference?) [d:\Ky_4\SWD\System_Smart-Service-master\Smart-Service\Service_BE\SmartService.Application\SmartService.Application.csproj]

Build FAILED.

d:\Ky_4\SWD\System_Smart-Service-master\Smart-Service\Service_BE\SmartService.Application\Abstractions\Payments\IPayOSService.cs(9,31): error CS0246: The type or namespace name 'Netum' could not be found (are you missing a using directive or an assembly reference?) [d:\Ky_4\SWD\System_Smart-Service-master\Smart-Service\Service_BE\SmartService.Application\SmartService.Application.csproj]
    0 Warning(s)
    1 Error(s)

Time Elapsed 00:00:00.99
